// Vitest Snapshot v1, https://vitest.dev/guide/snapshot.html

exports[`prompts > is stable for a given product (snapshot) 1`] = `
"Analyze the claims in the following product listing.

For "review_summary", use ONLY the customer reviews provided in the product data below — do not infer pros/cons from the marketing copy. If no reviews are provided, return an empty summary string and empty arrays. Keep the same careful wording rules: report what reviewers said without asserting a product or seller is fraudulent.

Return ONLY a single JSON object, with no markdown fences or commentary, matching exactly this schema:

{
  "overall_assessment": "one or two sentence neutral summary of how well the listing's claims are supported",
  "credibility_score": 0-100 integer (higher = better supported claims),
  "marketing_hype": "Low" | "Medium" | "High",
  "unsupported_claims": [{ "claim": "...", "reasoning": "why it lacks support" }],
  "scientific_claims": [{ "claim": "...", "reasoning": "what evidence would be needed" }],
  "missing_evidence": ["specific evidence a buyer would want but the listing omits"],
  "good_signs": ["concrete, verifiable, or appropriately-hedged statements"],
  "summary": "a short plain-language wrap-up for the shopper",
  "review_summary": {
    "summary": "1-2 sentence neutral summary of what reviewers report; empty string if no reviews were provided",
    "product_pros": ["strengths reviewers mention about the product"],
    "product_cons": ["problems or complaints reviewers mention about the product"],
    "seller_pros": ["positives reviewers mention about the seller, shipping, packaging, or service"],
    "seller_cons": ["problems reviewers mention about the seller, shipping, service, or authenticity"]
  }
}

Product listing (structured data extracted from the page):

{
  "website": "Amazon",
  "title": "QuantumGlow Serum",
  "brand": "QuantumGlow",
  "price": "$29.99",
  "category": null,
  "description": null,
  "bullets": [
    "Reduces wrinkles by 300%"
  ],
  "specifications": {
    "Volume": "30 ml"
  },
  "rating": "4.1 out of 5 stars",
  "reviewCount": "2,317 ratings",
  "reviews": [
    {
      "rating": "2.0",
      "title": "Leaked",
      "body": "Arrived with a broken seal."
    }
  ]
}"
`;
